// Jest Snapshot v1, https://goo.gl/fbAQLP

exports[`renders Header correctly 1`] = `
<DocumentFragment>
  <div
    class="sc-bcXHqe bCQUeM"
  >
    <a
      href="/"
    >
      <svg
        class="sc-gswNZR CfbSo"
      >
        rick.svg
      </svg>
    </a>
    <h1
      class="sc-dkrFOg iplnsQ"
    >
      The Rick and Morty Web App
    </h1>
  </div>
</DocumentFragment>
`;
